
> policymatch-korea@0.1.0 build
> next build

??Next.js 16.1.6 (Turbopack)
- Environments: .env.local, .env

  Creating an optimized production build ...
??Compiled successfully in 10.8s
  Running TypeScript ...
node.exe : Failed to compile.
위치 줄:1 문자:1
+ & "C:\Program Files\nodejs/node.exe" "C:\Program Files\nodejs/node_mo ...
+ ~~~~~~~~~~~~~~~~~~~~~~~~~~~~~~~~~~~~~~~~~~~~~~~~~~~~~~~~~~~~~~~~~~~~~
    + CategoryInfo          : NotSpecified: (Failed to compile.:String) [], Remo 
   teException
    + FullyQualifiedErrorId : NativeCommandError
 

./test-booking-query.ts:6:5
Type error: Argument of type 'string | undefined' is not assignable to parameter 
of type 'string'.
  Type 'undefined' is not assignable to type 'string'.

[0m [90m 4 |[39m
 [90m 5 |[39m [36mconst[39m supabase [33m=[39m createClient(
[31m[1m>[22m[39m[90m 6 |[39m     process[33m.[39menv[33m.[39m[33mNEXT_
PUBLIC_SUPABASE_URL[39m[33m,[39m
 [90m   |[39m     [31m[1m^[22m[39m
 [90m 7 |[39m     process[33m.[39menv[33m.[39m[33mNEXT_PUBLIC_SUPABASE_ANO
N_KEY[39m
 [90m 8 |[39m )[33m;[39m
 [90m 9 |[39m[0m
Next.js build worker exited with code: 1 and signal: null
